[26280:27504:0205/111101.504:WARNING:chrome_main_delegate.cc(745)] This is Chrome version 128.0.6613.138 (not a warning)
[26280:18304:0205/111101.569:ERROR:google_update_settings.cc(265)] Failed opening key Software\Chromium to set usagestats; result: 5
[26280:27504:0205/111101.588:WARNING:account_consistency_mode_manager.cc(77)] Desktop Identity Consistency cannot be enabled as no OAuth client ID and client secret have been configured.
[26280:27504:0205/111105.134:WARNING:external_registry_loader_win.cc(232)] Error observing HKLM: 5
[18816:20932:0205/111109.032:WARNING:frame_impl.cc(430)] virtual CefFrameImpl::SendProcessMessage sent to detached frame 5-3F6D74F983EAD3A09A1BF7E612D204AA will be ignored
[24716:25964:0205/111109.363:WARNING:frame_impl.cc(430)] virtual CefFrameImpl::SendProcessMessage sent to detached frame 6-F843EA0422702B15CB634FFDB9C228EE will be ignored
[25568:25828:0205/112654.677:VERBOSE1:network_delegate.cc(36)] NetworkDelegate::NotifyBeforeURLRequest: https://optimizationguide-pa.googleapis.com/v1:GetModels?key=dummytoken
[25568:25828:0205/112654.683:VERBOSE1:tls_handshaker.cc(105)] TlsClient: Continuing handshake
[25568:25828:0205/112654.685:VERBOSE1:tls_handshaker.cc(126)] TlsClient: SSL_do_handshake returned when entering early data. After retry, rv=-1, SSL_in_early_data=1
[25568:25828:0205/112654.745:VERBOSE1:tls_handshaker.cc(105)] TlsClient: Continuing handshake
[25568:25828:0205/112654.745:VERBOSE1:tls_handshaker.cc(105)] TlsClient: Continuing handshake
[25568:25828:0205/112654.745:VERBOSE1:tls_client_handshaker.cc(528)] Client: handshake finished
[25568:25828:0205/112928.043:VERBOSE1:network_delegate.cc(36)] NetworkDelegate::NotifyBeforeURLRequest: https://optimizationguide-pa.googleapis.com/v1:GetModels?key=dummytoken
[25568:25828:0205/112928.048:VERBOSE1:tls_handshaker.cc(105)] TlsClient: Continuing handshake
[25568:25828:0205/112928.050:VERBOSE1:tls_handshaker.cc(126)] TlsClient: SSL_do_handshake returned when entering early data. After retry, rv=-1, SSL_in_early_data=1
[25568:25828:0205/112928.128:VERBOSE1:tls_handshaker.cc(105)] TlsClient: Continuing handshake
[25568:25828:0205/112928.128:VERBOSE1:tls_handshaker.cc(105)] TlsClient: Continuing handshake
[25568:25828:0205/112928.128:VERBOSE1:tls_client_handshaker.cc(528)] Client: handshake finished
[26280:27504:0205/113014.324:VERBOSE1:device_event_log_impl.cc(198)] [11:30:14.324] Display: EVENT: screen_win.cc:893 Displays updated, count: 2
[26280:27504:0205/113014.459:VERBOSE1:device_event_log_impl.cc(198)] [11:30:14.458] Display: EVENT: screen_win.cc:895 Display[2981688007] bounds=[0,0 1920x1080], workarea=[0,0 1920x1080], scale=1, rotation=0, panel_rotation=0 external detected
[26280:27504:0205/113014.459:VERBOSE1:device_event_log_impl.cc(198)] [11:30:14.459] Display: EVENT: screen_win.cc:895 Display[288653899] bounds=[-1920,0 1920x1080], workarea=[-1920,0 1920x1080], scale=1, rotation=0, panel_rotation=0 external detected
[26280:27504:0205/113016.360:VERBOSE1:device_event_log_impl.cc(198)] [11:30:16.360] Display: EVENT: screen_win.cc:893 Displays updated, count: 2
[26280:27504:0205/113016.864:VERBOSE1:device_event_log_impl.cc(198)] [11:30:16.863] Display: EVENT: screen_win.cc:895 Display[2981688007] bounds=[0,0 1920x1080], workarea=[0,0 1920x1080], scale=1, rotation=0, panel_rotation=0 external detected
[26280:27504:0205/113016.867:VERBOSE1:device_event_log_impl.cc(198)] [11:30:16.867] Display: EVENT: screen_win.cc:895 Display[288653899] bounds=[-1920,0 1920x1080], workarea=[-1920,0 1920x1080], scale=1, rotation=0, panel_rotation=0 external detected
[25568:25828:0205/113022.599:VERBOSE1:network_delegate.cc(36)] NetworkDelegate::NotifyBeforeURLRequest: https://safebrowsing.googleapis.com/v4/threatListUpdates:fetch?$req=ChoKCGNocm9taXVtEg4xMjguMC42NjEzLjEzOBoMCAUQASIEIAEgAigBGgwIARABIgQgASACKAEaDAgDEAEiBCABIAIoARoMCAcQASIEIAEgAigBGgwIARAIIgQgASACKAQaDAgPEAEiBCABIAIoARoMCAkQASIEIAEgAigBIgIIAQ==&$ct=application/x-protobuf&key=dummytoken
[25568:25828:0205/113024.107:VERBOSE1:tls_handshaker.cc(105)] TlsClient: Continuing handshake
[25568:25828:0205/113025.100:VERBOSE1:tls_handshaker.cc(105)] TlsClient: Continuing handshake
[25568:25828:0205/113025.865:VERBOSE1:tls_handshaker.cc(105)] TlsClient: Continuing handshake
[25568:25828:0205/113025.873:VERBOSE1:tls_handshaker.cc(105)] TlsClient: Continuing handshake
[25568:25828:0205/113025.955:VERBOSE1:tls_client_handshaker.cc(528)] Client: handshake finished
[26280:27504:0205/113045.715:VERBOSE1:device_event_log_impl.cc(198)] [11:30:45.715] Display: EVENT: screen_win.cc:893 Displays updated, count: 2
[26280:27504:0205/113046.541:VERBOSE1:device_event_log_impl.cc(198)] [11:30:46.542] Display: EVENT: screen_win.cc:895 Display[2981688007] bounds=[0,0 1920x1080], workarea=[0,0 1920x1080], scale=1, rotation=0, panel_rotation=0 external detected
[26280:27504:0205/113053.352:VERBOSE1:device_event_log_impl.cc(198)] [11:30:53.352] Display: EVENT: screen_win.cc:895 Display[288653899] bounds=[-1920,0 1920x1080], workarea=[-1920,0 1920x1080], scale=1, rotation=0, panel_rotation=0 external detected
[25568:25828:0205/113206.415:VERBOSE1:network_delegate.cc(36)] NetworkDelegate::NotifyBeforeURLRequest: https://optimizationguide-pa.googleapis.com/v1:GetModels?key=dummytoken
[25568:25828:0205/113206.476:VERBOSE1:tls_handshaker.cc(105)] TlsClient: Continuing handshake
[25568:25828:0205/113206.477:VERBOSE1:tls_handshaker.cc(126)] TlsClient: SSL_do_handshake returned when entering early data. After retry, rv=-1, SSL_in_early_data=1
[25568:25828:0205/113206.667:VERBOSE1:tls_handshaker.cc(105)] TlsClient: Continuing handshake
[25568:25828:0205/113206.673:VERBOSE1:tls_handshaker.cc(105)] TlsClient: Continuing handshake
[25568:25828:0205/113206.673:VERBOSE1:tls_client_handshaker.cc(625)] 0-RTT handshake attempted but was rejected by the server
[25568:25828:0205/113206.673:VERBOSE1:tls_handshaker.cc(105)] TlsClient: Continuing handshake
[25568:25828:0205/113206.673:VERBOSE1:tls_handshaker.cc(105)] TlsClient: Continuing handshake
[25568:25828:0205/113206.673:VERBOSE1:tls_handshaker.cc(105)] TlsClient: Continuing handshake
[25568:25828:0205/113206.673:VERBOSE1:tls_handshaker.cc(105)] TlsClient: Continuing handshake
[25568:25828:0205/113207.078:VERBOSE1:tls_handshaker.cc(105)] TlsClient: Continuing handshake
[25568:25828:0205/113207.078:VERBOSE1:tls_client_handshaker.cc(528)] Client: handshake finished
[26280:27504:0205/113330.295:VERBOSE1:device_event_log_impl.cc(198)] [11:33:30.295] Display: EVENT: screen_win.cc:893 Displays updated, count: 2
[26280:27504:0205/113330.989:VERBOSE1:device_event_log_impl.cc(198)] [11:33:30.988] Display: EVENT: screen_win.cc:895 Display[2981688007] bounds=[0,0 1920x1080], workarea=[0,0 1920x1080], scale=1, rotation=0, panel_rotation=0 external detected
[26280:27504:0205/113330.989:VERBOSE1:device_event_log_impl.cc(198)] [11:33:30.989] Display: EVENT: screen_win.cc:895 Display[288653899] bounds=[-1920,0 1920x1080], workarea=[-1920,0 1920x1080], scale=1, rotation=0, panel_rotation=0 external detected
[24876:10476:0205/113339.797:VERBOSE1:frame_impl.cc(620)] frame 7-2F09C23337B59E457F1F25A2BAA5A0EB disconnected (reason=BROWSER_FRAME_DISCONNECT, current_state=CONNECTION_ACKED)
[24876:10476:0205/113339.797:VERBOSE1:frame_impl.cc(633)] frame 7-2F09C23337B59E457F1F25A2BAA5A0EB connection retry scheduled
[12728:20908:0205/113339.842:VERBOSE1:frame_impl.cc(620)] frame 9-20C7C9B0314127D407A040FBD1E26281 disconnected (reason=RENDER_FRAME_DISCONNECT, current_state=CONNECTION_ACKED)
[12728:20908:0205/113339.842:VERBOSE1:frame_impl.cc(633)] frame 9-20C7C9B0314127D407A040FBD1E26281 connection retry scheduled
